C51 COMPILER V9.56.0.0   LED                                                               03/07/2025 16:06:45 PAGE 1   


C51 COMPILER V9.56.0.0, COMPILATION OF MODULE LED
OBJECT MODULE PLACED IN .\Objects\led.obj
COMPILER INVOKED BY: D:\Keil_v5\C51\BIN\C51.EXE ..\Driver\led.c OPTIMIZE(8,SPEED) BROWSE INCDIR(..\Driver;..\..\15ΩÏ’ÊÃ‚
                    -) DEBUG OBJECTEXTEND PRINT(.\Listings\led.lst) TABS(2) OBJECT(.\Objects\led.obj)

line level    source

   1          #include<led.h>
   2          void led_disp(unsigned char addr,unsigned char enable){
   3   1        static unsigned char temp=0x00;
   4   1        static unsigned char temp_old=0x00;
   5   1        if(enable)
   6   1          temp|=0x01<<addr;
   7   1        else
   8   1          temp&=~(0x01<<addr);
   9   1        if(temp!=temp_old){
  10   2        P0=~temp;
  11   2        P2=(P2&0X1F)|0X80;
  12   2        P2&=0X1F;
  13   2        temp_old=temp;
  14   2        }
  15   1      }


MODULE INFORMATION:   STATIC OVERLAYABLE
   CODE SIZE        =     58    ----
   CONSTANT SIZE    =   ----    ----
   XDATA SIZE       =   ----    ----
   PDATA SIZE       =   ----    ----
   DATA SIZE        =      2    ----
   IDATA SIZE       =   ----    ----
   BIT SIZE         =   ----    ----
END OF MODULE INFORMATION.


C51 COMPILATION COMPLETE.  0 WARNING(S),  0 ERROR(S)
